AR top_level behavioral /home/gasiba/Tests/test_0003/ISE/test_0003/top_level.vhf sub00/vhpl03 1425244732
EN rom NULL /home/gasiba/Tests/test_0003/ISE/test_0003/rom_mem.vhd sub00/vhpl00 1425244729
AR rom arch /home/gasiba/Tests/test_0003/ISE/test_0003/rom_mem.vhd sub00/vhpl01 1425244730
EN top_level NULL /home/gasiba/Tests/test_0003/ISE/test_0003/top_level.vhf sub00/vhpl02 1425244731
