V3 8
FL /home/gasiba/Tests/test_0003/ISE/test_0003/rom_mem.vhd 2015/03/01.21:33:18 K.31
EN work/rom 1425244729 FL /home/gasiba/Tests/test_0003/ISE/test_0003/rom_mem.vhd \
      PB ieee/std_logic_1164 1200023565 PB ieee/STD_LOGIC_UNSIGNED 1200023567
AR work/rom/arch 1425244730 \
      FL /home/gasiba/Tests/test_0003/ISE/test_0003/rom_mem.vhd EN work/rom 1425244729
FL /home/gasiba/Tests/test_0003/ISE/test_0003/top_level.vhf 2015/03/01.21:56:37 K.31
EN work/top_level 1425244731 \
      FL /home/gasiba/Tests/test_0003/ISE/test_0003/top_level.vhf \
      PB ieee/std_logic_1164 1200023565 PH ieee/NUMERIC_STD 1200023568 LB UNISIM \
      PH unisim/VCOMPONENTS 1200023571
AR work/top_level/BEHAVIORAL 1425244732 \
      FL /home/gasiba/Tests/test_0003/ISE/test_0003/top_level.vhf \
      EN work/top_level 1425244731 CP rom
